[1/2] "/usr/bin/cmake" -E chdir "../../x64-linux-dbg" "/usr/bin/cmake" "/home/louai/proc-design-onboarding-labs/lab-3/onboarding-lab-3/cmake/_deps/vcpkg-src/buildtrees/nyu-cmake/src/8f68676666-a718d72861.clean" "-G" "Ninja" "-DCMAKE_BUILD_TYPE=Debug" "-DCMAKE_INSTALL_PREFIX=/home/louai/proc-design-onboarding-labs/lab-3/onboarding-lab-3/cmake/_deps/vcpkg-src/packages/nyu-cmake_x64-linux/debug" "-DFETCHCONTENT_FULLY_DISCONNECTED=ON" "-DCMAKE_MAKE_PROGRAM=/home/louai/proc-design-onboarding-labs/lab-3/onboarding-lab-3/cmake/_deps/vcpkg-src/downloads/tools/ninja-1.13.2-linux/ninja" "-DCMAKE_SYSTEM_NAME=Linux" "-DBUILD_SHARED_LIBS=OFF" "-DVCPKG_CHAINLOAD_TOOLCHAIN_FILE=/home/louai/proc-design-onboarding-labs/lab-3/onboarding-lab-3/cmake/_deps/vcpkg-src/scripts/toolchains/linux.cmake" "-DVCPKG_TARGET_TRIPLET=x64-linux" "-DVCPKG_SET_CHARSET_FLAG=ON" "-DVCPKG_PLATFORM_TOOLSET=external" "-DCMAKE_EXPORT_NO_PACKAGE_REGISTRY=ON" "-DCMAKE_FIND_PACKAGE_NO_PACKAGE_REGISTRY=ON" "-DCMAKE_FIND_PACKAGE_NO_SYSTEM_PACKAGE_REGISTRY=ON" "-DCMAKE_INSTALL_SYSTEM_RUNTIME_LIBS_SKIP=TRUE" "-DCMAKE_VERBOSE_MAKEFILE=ON" "-DVCPKG_APPLOCAL_DEPS=OFF" "-DCMAKE_TOOLCHAIN_FILE=/home/louai/proc-design-onboarding-labs/lab-3/onboarding-lab-3/cmake/_deps/vcpkg-src/scripts/buildsystems/vcpkg.cmake" "-DCMAKE_ERROR_ON_ABSOLUTE_INSTALL_DESTINATION=ON" "-DVCPKG_CXX_FLAGS=" "-DVCPKG_CXX_FLAGS_RELEASE=" "-DVCPKG_CXX_FLAGS_DEBUG=" "-DVCPKG_C_FLAGS=" "-DVCPKG_C_FLAGS_RELEASE=" "-DVCPKG_C_FLAGS_DEBUG=" "-DVCPKG_CRT_LINKAGE=dynamic" "-DVCPKG_LINKER_FLAGS=" "-DVCPKG_LINKER_FLAGS_RELEASE=" "-DVCPKG_LINKER_FLAGS_DEBUG=" "-DVCPKG_TARGET_ARCHITECTURE=x64" "-DCMAKE_INSTALL_LIBDIR:STRING=lib" "-DCMAKE_INSTALL_BINDIR:STRING=bin" "-D_VCPKG_ROOT_DIR=/home/louai/proc-design-onboarding-labs/lab-3/onboarding-lab-3/cmake/_deps/vcpkg-src" "-D_VCPKG_INSTALLED_DIR=/home/louai/proc-design-onboarding-labs/lab-3/onboarding-lab-3/cmake/vcpkg_installed" "-DVCPKG_MANIFEST_INSTALL=OFF"
-- The C compiler identification is GNU 13.3.0
-- The CXX compiler identification is GNU 13.3.0
-- Detecting C compiler ABI info
-- Detecting C compiler ABI info - done
-- Check for working C compiler: /usr/bin/cc - skipped
-- Detecting C compile features
-- Detecting C compile features - done
-- Detecting CXX compiler ABI info
-- Detecting CXX compiler ABI info - done
-- Check for working CXX compiler: /usr/bin/c++ - skipped
-- Detecting CXX compile features
-- Detecting CXX compile features - done
-- Configuring done (5.6s)
-- Generating done (0.0s)
CMake Warning:
  Manually-specified variables were not used by the project:

    BUILD_SHARED_LIBS
    FETCHCONTENT_FULLY_DISCONNECTED
    VCPKG_PLATFORM_TOOLSET
    VCPKG_SET_CHARSET_FLAG
    _VCPKG_ROOT_DIR


-- Build files have been written to: /home/louai/proc-design-onboarding-labs/lab-3/onboarding-lab-3/cmake/_deps/vcpkg-src/buildtrees/nyu-cmake/x64-linux-dbg
[2/2] "/usr/bin/cmake" -E chdir ".." "/usr/bin/cmake" "/home/louai/proc-design-onboarding-labs/lab-3/onboarding-lab-3/cmake/_deps/vcpkg-src/buildtrees/nyu-cmake/src/8f68676666-a718d72861.clean" "-G" "Ninja" "-DCMAKE_BUILD_TYPE=Release" "-DCMAKE_INSTALL_PREFIX=/home/louai/proc-design-onboarding-labs/lab-3/onboarding-lab-3/cmake/_deps/vcpkg-src/packages/nyu-cmake_x64-linux" "-DFETCHCONTENT_FULLY_DISCONNECTED=ON" "-DCMAKE_MAKE_PROGRAM=/home/louai/proc-design-onboarding-labs/lab-3/onboarding-lab-3/cmake/_deps/vcpkg-src/downloads/tools/ninja-1.13.2-linux/ninja" "-DCMAKE_SYSTEM_NAME=Linux" "-DBUILD_SHARED_LIBS=OFF" "-DVCPKG_CHAINLOAD_TOOLCHAIN_FILE=/home/louai/proc-design-onboarding-labs/lab-3/onboarding-lab-3/cmake/_deps/vcpkg-src/scripts/toolchains/linux.cmake" "-DVCPKG_TARGET_TRIPLET=x64-linux" "-DVCPKG_SET_CHARSET_FLAG=ON" "-DVCPKG_PLATFORM_TOOLSET=external" "-DCMAKE_EXPORT_NO_PACKAGE_REGISTRY=ON" "-DCMAKE_FIND_PACKAGE_NO_PACKAGE_REGISTRY=ON" "-DCMAKE_FIND_PACKAGE_NO_SYSTEM_PACKAGE_REGISTRY=ON" "-DCMAKE_INSTALL_SYSTEM_RUNTIME_LIBS_SKIP=TRUE" "-DCMAKE_VERBOSE_MAKEFILE=ON" "-DVCPKG_APPLOCAL_DEPS=OFF" "-DCMAKE_TOOLCHAIN_FILE=/home/louai/proc-design-onboarding-labs/lab-3/onboarding-lab-3/cmake/_deps/vcpkg-src/scripts/buildsystems/vcpkg.cmake" "-DCMAKE_ERROR_ON_ABSOLUTE_INSTALL_DESTINATION=ON" "-DVCPKG_CXX_FLAGS=" "-DVCPKG_CXX_FLAGS_RELEASE=" "-DVCPKG_CXX_FLAGS_DEBUG=" "-DVCPKG_C_FLAGS=" "-DVCPKG_C_FLAGS_RELEASE=" "-DVCPKG_C_FLAGS_DEBUG=" "-DVCPKG_CRT_LINKAGE=dynamic" "-DVCPKG_LINKER_FLAGS=" "-DVCPKG_LINKER_FLAGS_RELEASE=" "-DVCPKG_LINKER_FLAGS_DEBUG=" "-DVCPKG_TARGET_ARCHITECTURE=x64" "-DCMAKE_INSTALL_LIBDIR:STRING=lib" "-DCMAKE_INSTALL_BINDIR:STRING=bin" "-D_VCPKG_ROOT_DIR=/home/louai/proc-design-onboarding-labs/lab-3/onboarding-lab-3/cmake/_deps/vcpkg-src" "-D_VCPKG_INSTALLED_DIR=/home/louai/proc-design-onboarding-labs/lab-3/onboarding-lab-3/cmake/vcpkg_installed" "-DVCPKG_MANIFEST_INSTALL=OFF"
-- The C compiler identification is GNU 13.3.0
-- The CXX compiler identification is GNU 13.3.0
-- Detecting C compiler ABI info
-- Detecting C compiler ABI info - done
-- Check for working C compiler: /usr/bin/cc - skipped
-- Detecting C compile features
-- Detecting C compile features - done
-- Detecting CXX compiler ABI info
-- Detecting CXX compiler ABI info - done
-- Check for working CXX compiler: /usr/bin/c++ - skipped
-- Detecting CXX compile features
-- Detecting CXX compile features - done
-- Configuring done (5.6s)
-- Generating done (0.0s)
CMake Warning:
  Manually-specified variables were not used by the project:

    BUILD_SHARED_LIBS
    FETCHCONTENT_FULLY_DISCONNECTED
    VCPKG_PLATFORM_TOOLSET
    VCPKG_SET_CHARSET_FLAG
    _VCPKG_ROOT_DIR


-- Build files have been written to: /home/louai/proc-design-onboarding-labs/lab-3/onboarding-lab-3/cmake/_deps/vcpkg-src/buildtrees/nyu-cmake/x64-linux-rel
