A suitable version of ninja was not found (required v1.13.2).
Downloading https://github.com/ninja-build/ninja/releases/download/v1.13.2/ninja-linux.zip -> ninja-linux-1.13.2.zip
Successfully downloaded ninja-linux-1.13.2.zip
Extracting ninja...
-- Configuring x64-linux-rel
-- The C compiler identification is GNU 13.3.0
-- Detecting C compiler ABI info
-- Detecting C compiler ABI info - done
-- Check for working C compiler: /usr/bin/cc - skipped
-- Detecting C compile features
-- Detecting C compile features - done
-- The CXX compiler identification is GNU 13.3.0
-- Detecting CXX compiler ABI info
-- Detecting CXX compiler ABI info - done
-- Check for working CXX compiler: /usr/bin/c++ - skipped
-- Detecting CXX compile features
-- Detecting CXX compile features - done
-- Configuring done (9.3s)
-- Generating done (0.0s)
-- Build files have been written to: /home/louai/proc-design-onboarding-labs/lab-3/onboarding-lab-3/cmake/_deps/vcpkg-src/buildtrees/detect_compiler/x64-linux-rel

#COMPILER_HASH#9b6f0c0a4d070db4395c24ca86081e5d9124b163
#COMPILER_C_HASH#9b512455dfa5d38a8af495ae8357c79c990086b7
#COMPILER_C_VERSION#13.3.0
#COMPILER_C_ID#GNU
#COMPILER_C_PATH#/usr/bin/cc
#COMPILER_CXX_HASH#683eba44ac1c0233dfaeb0128ef04cca0cf5764e
#COMPILER_CXX_VERSION#13.3.0
#COMPILER_CXX_ID#GNU
#COMPILER_CXX_PATH#/usr/bin/c++
CMake Warning:
  Manually-specified variables were not used by the project:

    BUILD_SHARED_LIBS
    CMAKE_INSTALL_BINDIR
    CMAKE_INSTALL_LIBDIR
    VCPKG_PLATFORM_TOOLSET
    VCPKG_SET_CHARSET_FLAG
    _VCPKG_ROOT_DIR



